mui@ubuntu-System-Product-Name:~$ curl "http://127.0.0.1:8000/health"
{"status":"ok","root_dir":"/home/mui/projects/smt/SAM-6D/SAM-6D","env_dir":"/home/mui/.micromamba/envs/sam6d","cad_path":"/home/mui/projects/smt/SAM-6D/SAM-6D/user_data/models/tray_180mm_centered_mesh_v2.ply","cad_exists":true,"output_root":"/home/mui/projects/smt/SAM-6D/SAM-6D/user_data/outputs","default_seg_backend":"yolo_seg","yolo_weights":"/home/mui/projects/smt/SAM-6D/SAM-6D/user_data/yolo_runs/tray_seg/weights/best.pt","yolo_weights_exists":true}mui@ubuntu-System-Product-Name:~$
mui@ubuntu-System-Product-Name:~$
mui@ubuntu-System-Product-Name:~$
mui@ubuntu-System-Product-Name:~$ curl -X POST "http://127.0.0.1:8000/infer" \
  -F "rgb=@/home/mui/projects/smt/SAM-6D/SAM-6D/user_data/outputs/20260507_103518_e7ebc86f/inputs/rgb.png" \
  -F "depth=@/home/mui/projects/smt/SAM-6D/SAM-6D/user_data/outputs/20260507_103518_e7ebc86f/inputs/depth.png" \
  -F "camera=@/home/mui/projects/smt/SAM-6D/SAM-6D/user_data/outputs/20260507_103518_e7ebc86f/inputs/camera.json" \
  -F "segmentor_model=sam" \
  -F "det_score_thresh=0.3"
{"score":0.8672866225242615,
"xyz_mm":[-39.67422866821289,-42.124290466308594,418.56719970703125],
"rotation_euler_zyx_rad":[-1.0479800707645823,-1.2273715248092116,2.596818143045228],
"rotation_order":"zyx","pose_convention":"xyz is camera-frame translation in mm; rx, ry, rz are ZYX Euler angles in radians.",
"xyzrxryrz":[-39.67422866821289,-42.124290466308594,418.56719970703125,-1.0479800707645823,-1.2273715248092116,2.596818143045228],
"xyzrxryrz_unit":"mm_rad","result_dir":"/home/mui/projects/smt/SAM-6D/SAM-6D/user_data/outputs/20260507_194839_79feda99",
"detection_ism_path":"/home/mui/projects/smt/SAM-6D/SAM-6D/user_data/outputs/20260507_194839_79feda99/sam6d_results/detection_ism.json",
"detection_pem_path":"/home/mui/projects/smt/SAM-6D/SAM-6D/user_data/outputs/20260507_194839_79feda99/sam6d_results/detection_pem.json",
"vis_ism_path":"/home/mui/projects/smt/SAM-6D/SAM-6D/user_data/outputs/20260507_194839_79feda99/sam6d_results/vis_ism.png",
"vis_pem_path":"/home/mui/projects/smt/SAM-6D/SAM-6D/user_data/outputs/20260507_194839_79feda99/sam6d_results/vis_pem.png",
"all_detections":"/home/mui/projects/smt/SAM-6D/SAM-6D/user_data/outputs/20260507_194839_79feda99/sam6d_results/detection_pem.json",
"timing":

{
  "ism_s":null,
  "yolo_s":0.1684631289972458,
  "templates_s":7.770099909976125e-05,
  "pose_s":4.143830660992535,
  "pipeline_s":4.31237149098888,
  "upload_s":0.000293968987534754,
  "total_s":4.312665459976415}
}


(sam6d) mui@ubuntu-System-Product-Name:~/projects/smt/SAM-6D/SAM-6D$ python warmup_http_service.py
=> [preload] auto start (default) flag=1 gpus=0
set CUDA_VISIBLE_DEVICES as 0
=> [preload] env
   SAM6D_CUDA_VISIBLE_DEVICES=None
   PYTORCH_CUDA_ALLOC_CONF=max_split_size_mb:128
=> [preload] config_path: /home/mui/projects/smt/SAM-6D/SAM-6D/Pose_Estimation_Model/config/base.yaml
=> [preload] checkpoint_path: /home/mui/projects/smt/SAM-6D/SAM-6D/Pose_Estimation_Model/checkpoints/sam-6d-pem-base.pth
=> [preload] cache_key: ('0', 'pose_estimation_model', '/home/mui/projects/smt/SAM-6D/SAM-6D/Pose_Estimation_Model/checkpoints/sam-6d-pem-base.pth', '/home/mui/projects/smt/SAM-6D/SAM-6D/Pose_Estimation_Model/config/base.yaml')
=> [preload] torch info
   torch_version=2.0.0+cu117
   cuda_version=11.7
   cuda_is_available=True
   current_device=0
   device_name=NVIDIA GeForce RTX 4090
   mem_allocated_GiB=0.000
   mem_reserved_GiB=0.000
=> [preload] creating model (model=pose_estimation_model) ...
=> [preload] importing model module ...
load pre-trained checkpoint from: checkpoints/mae_pretrain_vit_base.pth
=> [preload] loading checkpoint: /home/mui/projects/smt/SAM-6D/SAM-6D/Pose_Estimation_Model/checkpoints/sam-6d-pem-base.pth
=> [preload] done. mem_allocated_GiB=0.402 mem_reserved_GiB=1.316
INFO:     Started server process [738610]
INFO:     Waiting for application startup.
INFO:     Application startup complete.
INFO:     Uvicorn running on http://0.0.0.0:8001 (Press CTRL+C to quit)
INFO:     127.0.0.1:34308 - "GET /health HTTP/1.1" 200 OK
/home/mui/.micromamba/envs/sam6d/lib/python3.9/site-packages/ultralytics/yolo/utils/checks.py:17: UserWarning: pkg_resources is deprecated as an API. See https://setuptools.pypa.io/en/latest/pkg_resources.html. The pkg_resources package is slated for removal as early as 2025-11-30. Refrain from using this package or pin to Setuptools<81.
  import pkg_resources as pkg
set CUDA_VISIBLE_DEVICES as 0
INFO:     127.0.0.1:52150 - "POST /infer HTTP/1.1" 200 OK
set CUDA_VISIBLE_DEVICES as 0
INFO:     127.0.0.1:59418 - "POST /infer HTTP/1.1" 200 OK
set CUDA_VISIBLE_DEVICES as 0
INFO:     127.0.0.1:40234 - "POST /infer HTTP/1.1" 200 OK
set CUDA_VISIBLE_DEVICES as 0
INFO:     127.0.0.1:40250 - "POST /infer HTTP/1.1" 200 OK
set CUDA_VISIBLE_DEVICES as 0
INFO:     127.0.0.1:40260 - "POST /infer HTTP/1.1" 200 OK
set CUDA_VISIBLE_DEVICES as 0
INFO:     127.0.0.1:41580 - "POST /infer HTTP/1.1" 200 OK
set CUDA_VISIBLE_DEVICES as 0
INFO:     127.0.0.1:60650 - "POST /infer HTTP/1.1" 200 OK
set CUDA_VISIBLE_DEVICES as 0
INFO:     127.0.0.1:33862 - "POST /infer HTTP/1.1" 200 OK
set CUDA_VISIBLE_DEVICES as 0
INFO:     127.0.0.1:43008 - "POST /infer HTTP/1.1" 200 OK
